<!doctype html>
<html lang="en">
  <head>
    <meta charset="UTF-8">
    <meta name="viewport" content="width=device-width, initial-scale=1.0">
    <meta http-equiv="X-UA-Compatible" content="ie=edge">
    <title>
      Junior Adventurers
    </title>
    <link rel="stylesheet" href="/static/style.min.css">
    <link rel="icon" type="image/x-icon" href="/static/favicon.ico">
    <script src="/static/htmx.min.js"></script>
  </head>
  <body hx-target="this">
    <section class="section">
      <div class="container has-text-centered">
        <h1 class="title">
          New Member Details
        </h1>
      </div>
      <div class="container">
        <div class="field">
          <label class="label">
            Name
          </label>
          <div class="control">
            <input class="input" type="text" placeholder="Tiffany Aching">
          </div>
        </div>
        <div class="field">
          <label class="label">
            Date of Birth
          </label>
          <div class="control">
            <input class="input" type="date">
          </div>
        </div>
        <div class="field">
          <label class="label">
            Species
          </label>
          <div class="control">
            <div class="select">
              <select>
                <option>
                  Select Species
                </option>
                <option>
                  Human
                </option>
                <option>
                  Dwarf
                </option>
                <option>
                  Werewolf
                </option>
              </select>
            </div>
          </div>
        </div>
        <div class="field">
          <label class="label">
            Guild
          </label>
          <div class="control">
            <div class="select">
              <select>
                <option>
                  Select Guild
                </option>
                <option>
                  Founder's Guild
                </option>
              </select>
            </div>
          </div>
        </div>
        <div class="field is-grouped">
          <p class="control">
            <button class="button is-link" hx-get="/" hx-push-url="true">
              Home
            </button>
          </p>
          <p class="control">
            <button class="button is-primary">
              Submit
            </button>
          </p>
        </div>
      </div>
    </section>
  </body>
</html>