<!doctype html>
<html lang="en">
  <head>
    <meta charset="UTF-8">
    <meta name="viewport" content="width=device-width, initial-scale=1.0">
    <meta http-equiv="X-UA-Compatible" content="ie=edge">
    <title>
      Junior Adventurers
    </title>
    <link rel="stylesheet" href="/static/style.min.css">
    <link rel="icon" type="image/x-icon" href="/static/favicon.ico">
    <script src="/static/htmx.min.js"></script>
  </head>
  <body hx-target="this">
    <section class="section">
      <div class="container has-text-centered">
        <h1 class="title">
          Greetings, adventurers!
        </h1>
        <button class="button is-link" hx-get="/guilds/1" hx-push-url="true">
          View Guild
        </button>
      </div>
    </section>
  </body>
</html>