<!doctype html>
<html lang="en">
  <head>
    <meta charset="UTF-8">
    <meta name="viewport" content="width=device-width, initial-scale=1.0">
    <meta http-equiv="X-UA-Compatible" content="ie=edge">
    <title>
      Junior Adventurers
    </title>
    <link rel="stylesheet" href="/static/style.min.css">
    <link rel="icon" type="image/x-icon" href="/static/favicon.ico">
    <script src="/static/htmx.min.js"></script>
  </head>
  <body hx-target="this">
    <section class="section">
      <div class="container has-text-centered">
        <h1 class="title">
          Founder&#39;s Guild
        </h1>
      </div>
      <br>
      <div class="container">
        <div class="columns">
          <div class="column is-one-third">
            <div class="card">
              <div class="card-image">
                <figure class="image is-1by1">
                  <img src="/static/Beyonce.png" alt="Beyoncé">
                </figure>
              </div>
              <div class="card-content">
                <p class="title">
                  Beyoncé
                </p>
                <p class="subtitle">
                  GuildMaster
                </p>
              </div>
            </div>
          </div>
          <div class="column">
            <p class="block">
              <b>
                Founded:
              </b>
              2000-04-20
            </p>
            <p class="block">
              <b>
                Meeting Place:
              </b>
              Hall of the Mountain King
            </p>
            <p class="block">
              <b>
                Meeting Time:
              </b>
              Thursday, 7pm
            </p>
            <p class="block">
              <b>
                Contact email:
              </b>
              <a href="mailto:foundersguild@example.com">
                foundersguild@example.com
              </a>
            </p>
          </div>
        </div>
        <h2 class="subtitle has-text-centered">
          Leaders
        </h2>
        <table class="table table is-bordered is-striped is-hoverable is-fullwidth">
          <thead>
            <tr>
              <th>
                Name
              </th>
              <th>
                Species
              </th>
            </tr>
          </thead>
          <tbody>
            <tr>
              <td>
                Alex
              </td>
              <td>
                Human
              </td>
            </tr>
            <tr>
              <td>
                Beyoncé
              </td>
              <td>
                Dwarf
              </td>
            </tr>
          </tbody>
        </table>
        <h2 class="subtitle has-text-centered">
          Members
        </h2>
        <table class="table table is-bordered is-striped is-hoverable is-fullwidth">
          <thead>
            <tr>
              <th>
                Name
              </th>
              <th>
                Species
              </th>
              <th>
                Age
              </th>
            </tr>
          </thead>
          <tbody>
            <tr>
              <td>
                Angela
              </td>
              <td>
                Human
              </td>
              <td>
                10
              </td>
            </tr>
            <tr>
              <td>
                Bob
              </td>
              <td>
                Human
              </td>
              <td>
                12
              </td>
            </tr>
            <tr>
              <td>
                Charlotte
              </td>
              <td>
                Werewolf
              </td>
              <td>
                11
              </td>
            </tr>
            <tr>
              <td>
                David
              </td>
              <td>
                Dwarf
              </td>
              <td>
                11
              </td>
            </tr>
          </tbody>
        </table>
        <button class="button is-link" hx-get="/" hx-push-url="true">
          Home
        </button>
      </div>
    </section>
  </body>
</html>